// Jest Snapshot v1, https://goo.gl/fbAQLP

exports[`Button renders and clicks 1`] = `
<button
  class="button"
/>
`;
