// Jest Snapshot v1, https://goo.gl/fbAQLP

exports[`UniversalPrice renders 1`] = `null`;
