// Jest Snapshot v1, https://goo.gl/fbAQLP

exports[`PriceHistory renders 1`] = `
<div
  class="container"
>
  <h2>
    Preisverlauf
  </h2>
  <div
    class="chart"
  >
    <div
      class="tooltip"
    >
      <div
        class="tooltip__message"
        id="tooltip-0"
        role="tooltip"
      >
        <div
          class="tooltip"
        >
          <div
            class="nobreak"
          >
            <strong>
              ab 
              € 351
               p.P.
            </strong>
            7
             Tage,
            <br />
            ab 
            Berlin - Tegel
             (
            TXL
            )
          </div>
        </div>
      </div>
      <button
        aria-describedby="tooltip-0"
        class="tooltip__button"
        id="tooltip-button-0"
        type="button"
      >
        <div
          class="bar"
          style="height: 119.4392523364486px;"
        >
          <strong
            class="price"
          >
            € 351
          </strong>
          <div>
            7
             Tage
          </div>
        </div>
      </button>
    </div>
    <div
      class="tooltip"
    >
      <div
        class="tooltip__message"
        id="tooltip-1"
        role="tooltip"
      >
        <div
          class="tooltip"
        >
          <div
            class="nobreak"
          >
            <strong>
              ab 
              € 350
               p.P.
            </strong>
            7
             Tage,
            <br />
            ab 
            Berlin - Tegel
             (
            TXL
            )
          </div>
        </div>
      </div>
      <button
        aria-describedby="tooltip-1"
        class="tooltip__button"
        id="tooltip-button-1"
        type="button"
      >
        <div
          class="bar"
          style="height: 118.50467289719626px;"
        >
          <strong
            class="price"
          >
            € 350
          </strong>
          <div>
            7
             Tage
          </div>
        </div>
      </button>
    </div>
    <div
      class="tooltip"
    >
      <div
        class="tooltip__message"
        id="tooltip-2"
        role="tooltip"
      >
        <div
          class="tooltip"
        >
          <div
            class="nobreak"
          >
            <strong>
              ab 
              € 356
               p.P.
            </strong>
            12
             Tage,
            <br />
            ab 
            Berlin - Tegel
             (
            TXL
            )
          </div>
        </div>
      </div>
      <button
        aria-describedby="tooltip-2"
        class="tooltip__button"
        id="tooltip-button-2"
        type="button"
      >
        <div
          class="bar"
          style="height: 124.11214953271028px;"
        >
          <strong
            class="price"
          >
            € 356
          </strong>
          <div>
            12
             Tage
          </div>
        </div>
      </button>
    </div>
    <div
      class="tooltip"
    >
      <div
        class="tooltip__message"
        id="tooltip-3"
        role="tooltip"
      >
        <div
          class="tooltip"
        >
          <div
            class="nobreak"
          >
            <strong>
              ab 
              € 364
               p.P.
            </strong>
            11
             Tage,
            <br />
            ab 
            Berlin - Tegel
             (
            TXL
            )
          </div>
        </div>
      </div>
      <button
        aria-describedby="tooltip-3"
        class="tooltip__button"
        id="tooltip-button-3"
        type="button"
      >
        <div
          class="bar"
          style="height: 131.58878504672896px;"
        >
          <strong
            class="price"
          >
            € 364
          </strong>
          <div>
            11
             Tage
          </div>
        </div>
      </button>
    </div>
    <div
      class="tooltip"
    >
      <div
        class="tooltip__message"
        id="tooltip-4"
        role="tooltip"
      >
        <div
          class="tooltip"
        >
          <div
            class="nobreak"
          >
            <strong>
              ab 
              € 341
               p.P.
            </strong>
            10
             Tage,
            <br />
            ab 
            Berlin - Tegel
             (
            TXL
            )
          </div>
        </div>
      </div>
      <button
        aria-describedby="tooltip-4"
        class="tooltip__button"
        id="tooltip-button-4"
        type="button"
      >
        <div
          class="bar"
          style="height: 110.09345794392523px;"
        >
          <strong
            class="price"
          >
            € 341
          </strong>
          <div>
            10
             Tage
          </div>
        </div>
      </button>
    </div>
    <div
      class="tooltip"
    >
      <div
        class="tooltip__message"
        id="tooltip-5"
        role="tooltip"
      >
        <div
          class="tooltip"
        >
          <div
            class="nobreak"
          >
            <strong>
              ab 
              € 309
               p.P.
            </strong>
            9
             Tage,
            <br />
            ab 
            Berlin - Tegel
             (
            TXL
            )
          </div>
        </div>
      </div>
      <button
        aria-describedby="tooltip-5"
        class="tooltip__button"
        id="tooltip-button-5"
        type="button"
      >
        <div
          class="bar"
          style="height: 80.18691588785046px;"
        >
          <strong
            class="price"
          >
            € 309
          </strong>
          <div>
            9
             Tage
          </div>
        </div>
      </button>
    </div>
    <div
      class="tooltip"
    >
      <div
        class="tooltip__message"
        id="tooltip-6"
        role="tooltip"
      >
        <div
          class="tooltip"
        >
          <div
            class="nobreak"
          >
            <strong>
              ab 
              € 281
               p.P.
            </strong>
            8
             Tage,
            <br />
            ab 
            Berlin - Tegel
             (
            TXL
            )
          </div>
        </div>
      </div>
      <button
        aria-describedby="tooltip-6"
        class="tooltip__button"
        id="tooltip-button-6"
        type="button"
      >
        <div
          class="bar"
          style="height: 54.018691588785046px;"
        >
          <strong
            class="price"
          >
            € 281
          </strong>
          <div>
            8
             Tage
          </div>
        </div>
      </button>
    </div>
    <div
      class="tooltip"
    >
      <div
        class="tooltip__message"
        id="tooltip-7"
        role="tooltip"
      >
        <div
          class="tooltip"
        >
          <div
            class="nobreak"
          >
            <strong>
              ab 
              € 266
               p.P.
            </strong>
            7
             Tage,
            <br />
            ab 
            Berlin - Tegel
             (
            TXL
            )
          </div>
        </div>
      </div>
      <button
        aria-describedby="tooltip-7"
        class="tooltip__button"
        id="tooltip-button-7"
        type="button"
      >
        <div
          class="bar_cheapest"
          style="height: 40px;"
        >
          <strong
            class="price"
          >
            € 266
          </strong>
          <div>
            7
             Tage
          </div>
        </div>
      </button>
    </div>
    <div
      class="tooltip"
    >
      <div
        class="tooltip__message"
        id="tooltip-8"
        role="tooltip"
      >
        <div
          class="tooltip"
        >
          <div
            class="nobreak"
          >
            <strong>
              ab 
              € 266
               p.P.
            </strong>
            7
             Tage,
            <br />
            ab 
            Berlin - Tegel
             (
            TXL
            )
          </div>
        </div>
      </div>
      <button
        aria-describedby="tooltip-8"
        class="tooltip__button"
        id="tooltip-button-8"
        type="button"
      >
        <div
          class="bar_cheapest"
          style="height: 40px;"
        >
          <strong
            class="price"
          >
            € 266
          </strong>
          <div>
            7
             Tage
          </div>
        </div>
      </button>
    </div>
    <div
      class="tooltip"
    >
      <div
        class="tooltip__message"
        id="tooltip-9"
        role="tooltip"
      >
        <div
          class="tooltip"
        >
          <div
            class="nobreak"
          >
            <strong>
              ab 
              € 266
               p.P.
            </strong>
            7
             Tage,
            <br />
            ab 
            Berlin - Tegel
             (
            TXL
            )
          </div>
        </div>
      </div>
      <button
        aria-describedby="tooltip-9"
        class="tooltip__button"
        id="tooltip-button-9"
        type="button"
      >
        <div
          class="bar_cheapest"
          style="height: 40px;"
        >
          <strong
            class="price"
          >
            € 266
          </strong>
          <div>
            7
             Tage
          </div>
        </div>
      </button>
    </div>
    <div
      class="tooltip"
    >
      <div
        class="tooltip__message"
        id="tooltip-10"
        role="tooltip"
      >
        <div
          class="tooltip"
        >
          <div
            class="nobreak"
          >
            <strong>
              ab 
              € 266
               p.P.
            </strong>
            7
             Tage,
            <br />
            ab 
            Berlin - Tegel
             (
            TXL
            )
          </div>
        </div>
      </div>
      <button
        aria-describedby="tooltip-10"
        class="tooltip__button"
        id="tooltip-button-10"
        type="button"
      >
        <div
          class="bar_cheapest"
          style="height: 40px;"
        >
          <strong
            class="price"
          >
            € 266
          </strong>
          <div>
            7
             Tage
          </div>
        </div>
      </button>
    </div>
    <div
      class="tooltip"
    >
      <div
        class="tooltip__message"
        id="tooltip-11"
        role="tooltip"
      >
        <div
          class="tooltip"
        >
          <div
            class="nobreak"
          >
            <strong>
              ab 
              € 293
               p.P.
            </strong>
            7
             Tage,
            <br />
            ab 
            Berlin - Tegel
             (
            TXL
            )
          </div>
        </div>
      </div>
      <button
        aria-describedby="tooltip-11"
        class="tooltip__button"
        id="tooltip-button-11"
        type="button"
      >
        <div
          class="bar"
          style="height: 65.23364485981308px;"
        >
          <strong
            class="price"
          >
            € 293
          </strong>
          <div>
            7
             Tage
          </div>
        </div>
      </button>
    </div>
    <div
      class="tooltip"
    >
      <div
        class="tooltip__message"
        id="tooltip-12"
        role="tooltip"
      >
        <div
          class="tooltip"
        >
          <div
            class="nobreak"
          >
            <strong>
              ab 
              € 373
               p.P.
            </strong>
            8
             Tage,
            <br />
            ab 
            Berlin - Tegel
             (
            TXL
            )
          </div>
        </div>
      </div>
      <button
        aria-describedby="tooltip-12"
        class="tooltip__button"
        id="tooltip-button-12"
        type="button"
      >
        <div
          class="bar"
          style="height: 140px;"
        >
          <strong
            class="price"
          >
            € 373
          </strong>
          <div>
            8
             Tage
          </div>
        </div>
      </button>
    </div>
    <div
      class="tooltip"
    >
      <div
        class="tooltip__message"
        id="tooltip-13"
        role="tooltip"
      >
        <div
          class="tooltip"
        >
          <div
            class="nobreak"
          >
            <strong>
              ab 
              € 358
               p.P.
            </strong>
            7
             Tage,
            <br />
            ab 
            Berlin - Tegel
             (
            TXL
            )
          </div>
        </div>
      </div>
      <button
        aria-describedby="tooltip-13"
        class="tooltip__button"
        id="tooltip-button-13"
        type="button"
      >
        <div
          class="bar"
          style="height: 125.98130841121495px;"
        >
          <strong
            class="price"
          >
            € 358
          </strong>
          <div>
            7
             Tage
          </div>
        </div>
      </button>
    </div>
  </div>
  <div
    class="axisContainer"
  >
    <button
      class="button"
    >
      <svg
        aria-hidden="true"
        class="icon"
        viewBox="0 0 512 512"
      >
        <path
          d="M425 430L249 255 426 80 346 0 87 259l253 253 85-82z"
        />
      </svg>
    </button>
    <div
      class="axis"
    >
      <time
        class="label"
        datetime="2019-10-08"
      >
        Di 08.10.
      </time>
      <time
        class="label"
        datetime="2019-10-09"
      >
        Mi 09.10.
      </time>
      <time
        class="label"
        datetime="2019-10-10"
      >
        Do 10.10.
      </time>
      <time
        class="label"
        datetime="2019-10-11"
      >
        Fr 11.10.
      </time>
      <time
        class="label"
        datetime="2019-10-12"
      >
        Sa 12.10.
      </time>
      <time
        class="label"
        datetime="2019-10-13"
      >
        So 13.10.
      </time>
      <time
        class="label"
        datetime="2019-10-14"
      >
        Mo 14.10.
      </time>
      <time
        class="label"
        datetime="2019-10-15"
      >
        Di 15.10.
      </time>
      <time
        class="label"
        datetime="2019-10-16"
      >
        Mi 16.10.
      </time>
      <time
        class="label"
        datetime="2019-10-17"
      >
        Do 17.10.
      </time>
      <time
        class="label"
        datetime="2019-10-18"
      >
        Fr 18.10.
      </time>
      <time
        class="label"
        datetime="2019-10-19"
      >
        Sa 19.10.
      </time>
      <time
        class="label"
        datetime="2019-10-20"
      >
        So 20.10.
      </time>
      <time
        class="label"
        datetime="2019-10-21"
      >
        Mo 21.10.
      </time>
    </div>
    <button
      class="button"
    >
      <svg
        aria-hidden="true"
        class="icon"
        viewBox="0 0 512 512"
      >
        <path
          d="M88 82l176 176L87 432l80 80 259-259L173 0 88 82z"
        />
      </svg>
    </button>
  </div>
</div>
`;
