// Jest Snapshot v1, https://goo.gl/fbAQLP

exports[`Stars renders 1`] = `
<span
  class="stars"
>
  <svg
    aria-hidden="true"
    class="icon "
    viewBox="0 0 512 487"
  >
    <path
      d="M256.014,0l63.971,181.097l192.015,4.909l-152.429,116.86l54.648,184.051l-158.205,-108.83l-158.234,108.83l54.681,-184.051l-152.461,-116.859l192.011,-4.909l64.003,-181.098Z"
    />
  </svg>
  <svg
    aria-hidden="true"
    class="icon "
    viewBox="0 0 512 487"
  >
    <path
      d="M256.014,0l63.971,181.097l192.015,4.909l-152.429,116.86l54.648,184.051l-158.205,-108.83l-158.234,108.83l54.681,-184.051l-152.461,-116.859l192.011,-4.909l64.003,-181.098Z"
    />
  </svg>
  <svg
    aria-hidden="true"
    class="icon "
    viewBox="0 0 512 487"
  >
    <path
      d="M256.014,0l63.971,181.097l192.015,4.909l-152.429,116.86l54.648,184.051l-158.205,-108.83l-158.234,108.83l54.681,-184.051l-152.461,-116.859l192.011,-4.909l64.003,-181.098Z"
    />
  </svg>
</span>
`;
