// Jest Snapshot v1, https://goo.gl/fbAQLP

exports[`Tooltip message renders on hover 1`] = `
<div
  class="tooltip"
>
  <div
    class="tooltip__message--visible-top"
    id="tooltip-0"
    role="tooltip"
  >
    tooltip message
  </div>
  <button
    aria-describedby="tooltip-0"
    class="tooltip__button"
    type="button"
  >
    open tooltip
  </button>
</div>
`;
