// Jest Snapshot v1, https://goo.gl/fbAQLP

exports[`CloseButton renders 1`] = `
<button
  aria-label="Close"
  class="button"
  type="button"
>
  <svg
    aria-hidden="true"
    class="icon"
    viewBox="0 0 512 512"
  >
    <path
      d="M255.973,358.455L102.457,511.971L0,409.518l153.515-153.516L0,102.485L102.457,0.029l153.516,153.516L409.49,0.029 l102.455,102.456L358.429,256.002L512,409.518L409.49,511.971L255.973,358.455z"
    />
  </svg>
</button>
`;

exports[`CloseButton renders with additional className 1`] = `
<button
  aria-label="Close"
  class="button test"
  type="button"
>
  <svg
    aria-hidden="true"
    class="icon"
    viewBox="0 0 512 512"
  >
    <path
      d="M255.973,358.455L102.457,511.971L0,409.518l153.515-153.516L0,102.485L102.457,0.029l153.516,153.516L409.49,0.029 l102.455,102.456L358.429,256.002L512,409.518L409.49,511.971L255.973,358.455z"
    />
  </svg>
</button>
`;
