// Jest Snapshot v1, https://goo.gl/fbAQLP

exports[`DropDown renders 1`] = `
<div
  class="dropdown"
>
  <div
    class="handler "
  >
    <span>
      hi
    </span>
  </div>
</div>
`;
