// Jest Snapshot v1, https://goo.gl/fbAQLP

exports[`Spinner renders 1`] = `
<div
  class="spinner"
>
  <div
    class="bounce1"
  />
  <div
    class="bounce2"
  />
  <div
    class="bounce3"
  />
</div>
`;
